/*[[
  Generate ASM stats. Usage: @@NAME <options>

]]*/
{
    sql=[[SELECT grouping_id(ds.inst_id, g.name, di.disk_number) gid,
               nvl(g.name, '-ALL-') diskgroup,
               nvl(''||ds.inst_id, 'A') inst,
               di.disk_number,
               nvl(di.failgroup, '-ALL-') failgroup,
               sum(di.bytes_read + di.bytes_written) total_bytes,
               sum(di.bytes_read) bytes_read,
               sum(di.bytes_written) bytes_written,
               sum(di.hot_bytes_read + di.hot_bytes_written) hot_bytes,
               sum(di.reads + di.writes) total_io,
               sum(di.reads) reads,
               sum(di.writes) writes,
               sum(di.read_errs + di.write_errs) io_errs,
               sum(di.read_time + di.write_time) total_time,
               sum(di.read_time) read_time,
               sum(di.write_time) write_time
               --,regexp_replace(ds.path, '.*/', '') PATH
        FROM   gv$asm_disk_stat ds, gv$asm_disk_iostat di, gv$asm_diskgroup_stat g
        WHERE  ds.inst_id = di.inst_id
        AND    ds.group_number = di.group_number
        AND    ds.disk_number = di.disk_number
        AND    ds.mount_status = 'CACHED'
        AND    g.inst_id = ds.inst_id
        AND    g.group_number = di.group_number
        AND    di.instname NOT LIKE '+ASM%'
        GROUP  BY ROLLUP( g.name, ds.inst_id, (di.disk_number, di.failgroup))]],
    delta_by="total_io,writes,READS,total_bytes,hot_bytes,bytes_read,bytes_written,total_time,read_time,write_time,io_errs",
    max_rows=50,
    column_formatter={KMG='total_bytes,hot_bytes,bytes_read,bytes_written',
                      TMB='total_io,writes,READS,io_errs',
                      smhd2='total_time,read_time,write_time'},
    group_by="diskgroup,inst,disk_number,failgroup",
    order_by='-gid,-total_bytes',
}
