/*[[Generate delta values based on gv$event_histogram. Usage: @@NAME <options> <event1[,...]> [inst_id] ]]*/
{
    sql=[[
        WITH e AS
         (SELECT /*+no_merge*/inst_id,event
          FROM   (SELECT lower(regexp_replace(regexp_replace(NAME, '([A-Za-z])[^ ]+ *', '\1'), '[^A-Za-z]+')) n1, 
                         lower(NAME) n2, inst_id,NAME event 
                  FROM gv$event_name 
                  WHERE (:V2 IS NULL AND (:snap_cmd is null or inst_id=userenv('instance')) OR :V2=INST_ID OR :V2='0'))
          WHERE  INSTR(',' || lower(:V1) || ',', ',' || n1 || ',') > 0
          OR     INSTR(',' || lower(:V1) || ',', ',' || n2 || ',') > 0)
        SELECT INST_ID,EVENT,WAIT_TIME_MILLI,WAIT_COUNT FROM gv$event_histogram natural join e
        order by 1,2,3
    ]],
    delta_by="WAIT_COUNT",
    group_by="INST_ID,EVENT,WAIT_TIME_MILLI",
    include_zero=true,
    order_by="1,2,3"
}