/*[[Generate delta values based on gv$latch. Usage: @@NAME [options] {[keyword] [<inst_id>]}]]*/
{
    sql=[[
        SELECT inst_id,
               ADDR,
               NAME,
               WAIT_TIME/1000 MS,
               GETS,
               MISSES,
               SLEEPS,
               IMMEDIATE_GETS,
               IMMEDIATE_MISSES,
               SPIN_GETS
        FROM   gv$latch
        WHERE  (GETS+IMMEDIATE_GETS+MISSES+IMMEDIATE_MISSES+SLEEPS+SPIN_GETS>0 or :V1 is not null)
        AND    (:V1 is null or lower(NAME) like lower('%&V1%'))
        AND    (:V2 IS NULL AND (:snap_cmd is null or inst_id=userenv('instance')) OR :V2=INST_ID OR :V2='0') 
    ]],
    delta_by="GETS,MISSES,SLEEPS,IMMEDIATE_GETS,IMMEDIATE_MISSES,SPIN_GETS,MS",
    set_ratio='off',
    order_by="-ms",
    group_by="inst_id,addr,name",
    top_by="name"
}