/*[[Generate delta values based on gv$system_event. Usage: @@NAME [keyword] [<inst_id>]]]]*/
{
    sql=[[
        select inst_id,event,time_waited/100 secs,total_waits waits,total_timeouts timeouts,wait_class
        FROM gv$system_event
        WHERE (wait_class!='Idle' or :V1 is not null)
        AND   (:V1 is null or lower(event) like lower('%&V1%'))
        AND   (:V2 is null OR inst_id=:V2)
    ]],
    agg_cols="waits,timeouts,secs",
    grp_cols="inst_id,wait_class,event",
    top_grp_cols="event"
}