/*[[Show System statistics summary. Usage: @@NAME [options] [<inst_id>]  [-sql|-latch]
    inst_id: Specify the instance number, default to aggregrate all instances' stats. When '0' means don't aggregrate across all instances
    -sql   : Show active sessions(default)
    -latch : Show latch stats
    --[[
        @CHECK_ACCESS_ALL: gv$px_session/gv$session/gv$latch/gv$osstat/gv$sysstat/gv$sys_time_model/gv$system_event/gv$active_session_history/gv$sqlstats={true}
        &inst1: default={decode(:V1,'0',''||inst_id,decode(count(distinct inst_id) over(),1,''||inst_id,'A'))}
        &inst2: default={(:V1 IS NULL AND (:snap_cmd is null or inst_id=userenv('instance')) OR :V1=INST_ID OR :V1='0')}
        &sql1: {sql={[[ SELECT * /*+ignore_me no_merge(sq) no_merge(ash) grid={topic='Active SQLs',height=0,include_zero=true,order_by='-aas,-ela',per_second='off'}*/
                        FROM   (SELECT inst,sql_id,ela,cpu,aas,
                                       substr(TRIM(regexp_replace(REPLACE(sql_text, chr(0)), '[' || chr(10) || chr(13) || chr(9) || ' ]+', ' ')), 1, 75) sql_text
                                FROM   (select inst,sql_id,sql_text,sum(busy)*1e-6 ela 
                                        from (SELECT &inst1 inst, sql_id, sql_text,CPU_TIME+USER_IO_WAIT_TIME busy FROM gv$sqlstats WHERE last_active_time > SYSDATE - :snap_interval/ 86400 AND &inst2)
                                        group by inst,sql_id,sql_text) sq
                                LEFT   JOIN (SELECT inst,sql_id,
                                                first_value(substr(event,1,25)) OVER(PARTITION BY inst, sql_id ORDER BY COUNT(1) DESC) top_event,
                                                COUNT(1) aas,
                                                SUM(NVL2(event, 0, 1)) CPU
                                        FROM   (SELECT &inst1 inst, a.*
                                                FROM   gv$active_Session_history a
                                                WHERE  sql_id IS NOT NULL AND &inst2
                                                AND    sample_time > SYSDATE - :snap_interval / 86400)
                                        GROUP  BY inst, sql_id, event) ash
                                USING  (inst, sql_id)
                                WHERE  sql_text NOT LIKE '%ignore_me%'
                                ORDER  BY aas DESC nulls last, ela desc nulls last)
                        WHERE  ROWNUM <= 30]]},
                latch={[[
                        SELECT inst,name,
                               sum(ms) "ms",
                               sum(gets) "Gets",
                               sum(misses) "Misses",
                               sum(sleeps) "Sleeps",
                               sum(IMGETS) "ImGets",
                               sum(IMMISSES) "ImMisses",
                               sum(SPINS) "Spins"
                        FROM ( /*grid={topic='System Latch',fixed_title=true,height=0,order_by="-ms"}*/
                            SELECT &inst1 inst, 
                                    substr(NAME,1,40) name,
                                    WAIT_TIME/1000 ms,
                                    GETS,
                                    MISSES,
                                    SLEEPS,
                                    IMMEDIATE_GETS IMGETS,
                                    IMMEDIATE_MISSES IMMISSES,
                                    SPIN_GETS SPINS
                            FROM   gv$latch
                            WHERE  (GETS+IMMEDIATE_GETS+MISSES+IMMEDIATE_MISSES+SLEEPS+SPIN_GETS>0)
                            AND    &inst2
                        ) GROUP BY inst,name]]}}
    --]]
]]*/
{
    sql={
      [[WITH SS AS (SELECT /*+materialize*/ inst_id,sid,logon_time,qcsid,qcinst_id 
                    from   gv$session join gv$px_session using(sid,inst_id)
                    WHERE  username=user),
            inst AS(SELECT /*+no_merge*/ inst_id,to_char(max(logon_time),'HH24:MI:SS') os_time
                     FROM   ss
                     WHERE  userenv('sid') =qcsid
                     AND    userenv('instance')=qcinst_id
                     GROUP BY inst_id)
        SELECT inst_id "#",os_time "OS Time","CPUs"
        FROM   inst /*grid={topic='Instances'}*/
        RIGHT  JOIN (SELECT inst_id,
                            MAX(DECODE(stat_name, 'NUM_CPUS', VALUE)) --
                            || nullif('/' || MAX(DECODE(stat_name, 'NUM_CPU_CORES', VALUE)), '/') --
                            || nullif('/' || MAX(DECODE(stat_name, 'NUM_CPU_SOCKETS', VALUE)), '/') "CPUs"
                     FROM   gv$osstat
                     GROUP  BY inst_id)
        USING  (inst_id)
        WHERE &inst2
        ORDER BY 1]],
      '+',
      [[SELECT inst,name,sum(pct) "Pct(%)",sum(time) "Time"
        FROM (
            WITH model as(select /*+materialize*/ * from gv$sys_time_model WHERE &inst2)
            SELECT &inst1  inst, /*grid={topic='System Time Model',max_rows=10,fixed_title=true}*/
                   substr(stat_name,1,34) name,
                   (select b.value*1e-6 from model b 
                    where  a.inst_id=b.inst_id 
                    and    b.stat_name=case when a.stat_name like 'background%' then 'background elapsed time' else 'DB time' end) pct,
                    VALUE * 1e-6 time
            FROM   model a
            WHERE  stat_name not in('DB time','background elapsed time'))
        GROUP BY inst,name]],
      '-',
      [[/*grid={topic='CPU/Memory/Perf',fixed_title=true,include_zero=true,order_by=1,per_second='on'}*/
        SELECT * 
        FROM(
            SELECT ''||inst_id inst, 
                MAX(DECODE(stat_name, 'BUSY_TIME', v)) "Busy",
                MAX(DECODE(stat_name, 'USER_TIME', v)) "User",
                MAX(DECODE(stat_name, 'SYS_TIME', v)) "Sys",
                '|' "|",
                MAX(DECODE(stat_name, 'PHYSICAL_MEMORY_BYTES', value)) "PhyMem",
                MAX(DECODE(stat_name, 'FREE_MEMORY_BYTES', value)) "FreeMem",
                SUM(DECODE(stat_name, 'VM_IN_BYTES', value,'VM_OUT_BYTES',value)) "Swap"
            FROM  (SELECT inst_id,stat_name,VALUE,round(VALUE / (SELECT min(VALUE) FROM gv$osstat a WHERE a.inst_id = b.inst_id AND a.STAT_NAME in ('NUM_CPUS')),2) v
                   FROM   gv$osstat b
                   WHERE  &inst2) a 
            GROUP  BY inst_id)
        JOIN (SELECT inst_id inst,'|' "|",
                     sum(CASE WHEN NAME IN('physical write total IO requests','physical read total IO requests') THEN VALUE END) IOPs,
                     sum(CASE WHEN NAME IN('user calls') THEN VALUE END) calls
               FROM  gv$sysstat b
               WHERE &inst2
               GROUP BY inst_id) using(inst)
        JOIN (select inst_id inst,value*1e-3 "Resp(ms)" from gv$sys_time_model where stat_name='sql execute elapsed time') using(inst)
        ]],
      '|', &sql1,
      '_',{[[
          SELECT inst,name,sum(value) value 
          FROM ( /*grid={topic='System Stats(Excluding Profiles)',height=0}*/
            SELECT &inst1  inst, 
                   substr(NAME,1,45) name, 
                   value
            FROM   gv$sysstat
            WHERE  value>0
            AND   (:V2 IS NOT NULL and upper(name) like upper('%&V2%') OR
                  (:V2 IS NULL AND NAME not like '%SQL*Net%' AND NAME not like 'OS%' AND NAME not in ('DB time',
                        'user logons cumulative',
                        'user calls',
                        'execute count',
                        'user commits',
                        'parse count (total)',
                        'parse count (hard)',
                        'session cursor cache hits',
                        'cell flash cache read hits',
                        'session logical reads',
                        'physical read total bytes',
                        'physical write total bytes',
                        'redo size',
                        'physical read total bytes optimized',
                        'cell physical IO bytes eligible for predicate offload',
                        'physical read total bytes',
                        'cell physical IO interconnect bytes returned by smart scan',
                        'physical write total bytes optimized',
                        'cell physical IO bytes saved by storage index',
                        'physical read total IO requests',
                        'cell IO uncompressed bytes',
                        'cell physical IO interconnect bytes',
                        'IM scan bytes uncompressed',
                        'IM scan bytes in-memory',
                        'IM populate bytes from storage',
                        'IM repopulate (trickle) bytes from storage',
                        'IM scan rows',
                        'IM scan rows valid',
                        'IM scan rows cache',
                        'IM scan rows projected',
                        'IM populate rows',
                        'IM populate rows',
                        'cell physical IO interconnect bytes', 
                        'IM repopulate (trickle incremental) total rows',
                        'IM prepopulate bytes from storage',
                        'IM scan rows pcode aggregated','session logical reads - IM',
                        'table scan disk non-IMC rows gotten',
                        'IM scan CUs invalid or missing revert to on disk extent',
                        'temp space allocated (bytes)',
                        'cell physical IO bytes saved by columnar cache',
                        'cell physical IO bytes eligible for smart IOs',
                        'physical reads direct', 'physical writes direct','cell physical write IO bytes eligible for offload',
                        'session uga memory','session pga memory','session uga memory max','session pga memory max')))
            AND    &inst2)
          GROUP BY inst,name]],
          '|', {
            [[with bs as(select value from v$parameter where name='db_block_size')
            SELECT inst_id inst, /*grid={topic='System Profiles',fixed_title=true,order_by=1}*/
                   SUM(DECODE(n, 'user logons cumulative', v)) "Logon",
                   SUM(DECODE(n, 'user calls', v)) "Call",
                   SUM(DECODE(n, 'execute count', v)) "Exec",
                   SUM(DECODE(n, 'user commits', v)) "Commit",
                   SUM(DECODE(n, 'parse count (total)', v)) "Parse",
                   SUM(DECODE(n, 'parse count (hard)', v)) "hParse",
                   SUM(DECODE(n, 'session cursor cache hits', v)) "CcHit",
                   SUM(DECODE(n, 'session logical reads', v))*(select * from bs) "LogRead",
                   SUM(DECODE(n, 'physical read total bytes', v)) "PhyRead",
                   SUM(DECODE(n, 'physical write total bytes', v)) "PhyWrite",
                   SUM(DECODE(n, 'physical reads direct', v))*(select * from bs) "dxr(%)",
                   SUM(DECODE(n, 'physical writes direct', v))*(select * from bs) "dxw(%)",
                   SUM(DECODE(n, 'redo size', v)) "Redo",
                   SUM(DECODE(n, 'temp space allocated (bytes)', v)) "Temp",
                   SUM(case when n like 'byte%SQL*Net%' then v end) "SQL*Net"
            FROM   (SELECT &inst1  inst_id, NAME n, VALUE v FROM gv$sysstat WHERE &inst2 AND value>0)
            GROUP  BY inst_id]],
            '-',
            [[SELECT inst_id inst,/*grid={topic='Exadata Profiles',fixed_title=true,order_by=1,bypassemptyrs=true}*/
                     SUM(DECODE(n, 'cell physical IO interconnect bytes', v)) "BandWidth",
                     SUM(DECODE(n, 'cell physical IO interconnect bytes returned by smart scan', v)) "OflOut(%)",
                     SUM(DECODE(n, 'cell physical IO bytes eligible for predicate offload', v,'cell physical write IO bytes eligible for offload',v)) "Offload",
                     SUM(DECODE(n, 'physical read total bytes', v, 'physical write total bytes', v)) "OflIn(%)",
                     SUM(DECODE(n, 'cell IO uncompressed bytes', v)) "Unzip",
                     SUM(DECODE(n, 'cell physical IO interconnect bytes returned by smart scan', v)) "OflEff",
                     SUM(DECODE(n, 'physical read total bytes optimized', v)) "OptRead",
                     SUM(DECODE(n, 'physical write total bytes optimized', v)) "OptWrite",
                     SUM(DECODE(n, 'cell physical IO bytes saved by storage index', v)) "SISave",
                     SUM(DECODE(n, 'cell flash cache read hits', v)) "FcHit",
                     SUM(DECODE(n, 'physical read total IO requests',v)) "Fc(%)",
                     SUM(DECODE(n, 'cell physical IO bytes saved by columnar cache',v)) "FCC(%)"
              FROM   (SELECT &inst1 inst_id, NAME n, VALUE v FROM gv$sysstat WHERE &inst2  AND value>0)
              WHERE  EXISTS(select 1 from v$sysstat where value>0 and name like '%offload%')
              GROUP  BY inst_id]],
            '-',
            [[with bs as(select value from v$parameter where name='db_block_size')
              SELECT inst_id inst,/*grid={topic='In-Memory Stats',fixed_title=true,order_by=1,bypassemptyrs=true}*/
                     SUM(DECODE(n, 'session logical reads - IM', v,0))*(select * from bs) "IM-LIO",
                     SUM(DECODE(n, 'session logical reads', v,0))*(select * from bs) "LIO(%)",
                     SUM(DECODE(n, 'IM scan bytes in-memory', v,0)) "Bytes",
                     SUM(DECODE(n, 'IM scan bytes uncompressed', v,0)) "Unzip",
                     SUM(DECODE(n, 'IM populate bytes from storage', v,0)) "Pops",
                     SUM(DECODE(n, 'IM repopulate (trickle) bytes from storage',v,'IM prepopulate bytes from storage', v,0)) "re-Pops",
                     SUM(DECODE(n, 'IM scan CUs invalid or missing revert to on disk extent', v,0)) "missCU",
                     '|' "*",
                     SUM(DECODE(n, 'IM scan rows', v,0)) "Rows",
                     SUM(DECODE(n, 'IM scan rows projected', v,0)) "Proj",
                     SUM(DECODE(n, 'IM scan rows pcode aggregated',v)) "pcode",
                     SUM(DECODE(n, 'table scan disk non-IMC rows gotten', v,0)) "Disk",
                     SUM(DECODE(n, 'IM scan rows valid', v,0)) "Valid(%)",
                     SUM(DECODE(n, 'IM scan rows cache', v,0)) "Cache",
                     SUM(DECODE(n, 'IM populate rows', v,0)) "Popr",
                     SUM(DECODE(n, 'IM repopulate (trickle incremental) total rows', v,'IM repopulate rows',v,0)) "re-Popr"
                     
              FROM   (SELECT &inst1 inst_id, NAME n, VALUE v FROM gv$sysstat WHERE &inst2  AND value>0)
              GROUP  BY inst_id]],
            '-',
            [[WITH ASH as(/*grid={topic='System Events',height=20,order_by="-ms"}*/
                SELECT /*+materialize*/ inst,event,count(1) aas, MAX(w) max_ms, 
                       MAX(sql_id) keep(dense_rank LAST ORDER BY cnt) top_sql,
                       count(distinct sql_id) sqls
                FROM   (SELECT &inst1 inst, SQL_ID, SQL_PLAN_HASH_VALUE, EVENT, time_waited / 1000 w, 
                               COUNT(1) OVER(PARTITION BY inst_id, event) cnt
                        FROM   gv$active_session_history
                        WHERE  sample_time >= SYSDATE - :snap_interval/ 86400
                        AND    &inst2
                        AND    event IS NOT NULL)
                GROUP  BY inst,event)
              SELECT inst,
                     wait_class, 
                     substr(event,1,35) name,
                     top_sql,
                     lpad(SQLS,4) "SQLs",
                     aas,
                     waits "Waits",
                     micro * 1e-3 "ms",
                     max_ms "max_ms",
                     null "avg_ms"
              FROM   (SELECT inst,wait_class,event,
                             sum(total_waits) waits,sum(TIME_WAITED_MICRO) micro
                      FROM  (select &inst1 inst, a.* from gv$system_event a WHERE total_waits>0 AND &inst2)
                      GROUP  BY inst,wait_class,event)
              LEFT   JOIN ash using(inst,event)
              WHERE  (wait_class!='Idle')]]
            }
        }
    },
    delta_by="IOPS,Calls,Resp(ms),OflEff,OflIn(%),IM-LIO,LIO(%),dxr(%),dxw(%),offload,BandWidth,SISave,OflOut(%),FCC(%),OptRead,OptWrite,FcHit,Fc(%),Unzip,ela,missCU,Unzip,bytes,rows,valid(%),Cache,pcode,proj,pops,re-pops,popr,re-popr,Disk,Pct(%),Swap,Logon,Call,Exec,Commit,Parse,hParse,CcHit,LogRead,PhyRead,PhyWrite,Redo,SQL*Net,value,ms,waits,GETS,MISSES,SLEEPS,IMGETS,IMMISSES,SPINS,time,Busy,User,Sys,I/O,Nice,Nice",
    group_by="inst,sql_id,name,LOCATION,addr",
    calc_rules={avg_ms='[ms]/[waits]',
                ['Pct(%)']='[ms]*100/[Pct(%)]',
                ['LIO(%)']='[IM-LIO]*100/[LIO(%)]',
                ['valid(%)']='[valid(%)]*100/[rows]',
                ['dxr(%)']='100*[dxr(%)]/[PhyRead]',
                ['dxw(%)']='100*[dxw(%)]/[PhyWrite]',
                ['Fc(%)']='[FcHit]*100/[Fc(%)]',
                ['OflIn(%)']='[offload]*100/[OflIn(%)]',
                ['OflOut(%)']='[OflOut(%)]*100/[BandWidth]',
                ['OflEff']='100-[OflEff]*100/([Unzip]+[SISave])',
                ['FCC(%)']='[FCC(%)]*100/[offload]',
                ['Resp(ms)']='[Resp(ms)]/[Calls]'},
    column_formatter={KMG='SISave,IM-LIO,Unzip,pops,re-pops,phyMem,freeMem,Swap,LogRead,PhyRead,PhyWrite,Redo,Temp,SQL*Net,OptRead,OptWrite,offload,BandWidth,Unzip,bytes',
                     TMB='IOPS,call,exec,commit,parse,hparse,cchit,FcHit,popr,re-popr,rows,valid,proj,Disk,Cache,pcode,missCU',
                     smhd2='Time,ela',
                     noprint='calls',
                     ['#,##0']='value'}
}