/*[[
  Generate delta values based on gv$system_event,gv$sys_time_model. Usage: @@NAME <options> [-e|-t] {{[<inst_id>] [keyword]}|["<commands>"]}
  -e: only show info of gv$system_event
  -t: only show info of gv$sys_time_model
  --[[
        &filter: default={a}, e={e}, t={t}
        &sec1: total={off}, s={on}
        @ver : 12={,con_id} default={}
  --]]
]]*/
{
    sql=[[
        SELECT /*+no_expand*/ a.*
        FROM   (SELECT decode(:V1, '0', ''||inst_id, '*') inst_id &ver, 'Time' class#, stat_name name, 1 count, value * 1e-3 "ms", NULL "avg_ms"
                FROM   gv$sys_time_model
                WHERE  ((stat_name NOT LIKE '%background%') OR :V2 IS NOT NULL)
                AND    :filter IN('a', 't')
                UNION  ALL
                SELECT decode(:V1, '0', ''||inst_id, '*') inst_id &ver, 'Event['||wait_class||']', event, total_waits, time_waited_micro * 1e-3 t, NULL
                FROM   gv$system_event
                WHERE  (wait_class!='Idle' OR :V2 IS NOT NULL)
                AND    :filter IN('a', 'e')) a
        WHERE  (:V1 IS NULL AND (:snap_cmd IS NULL OR inst_id=userenv('instance')) OR :V1=inst_id OR :V1='0')
        AND    (:V2 IS NULL OR lower(name) LIKE '%&V2%')
        AND    count>0
    ]],
    delta_by="ms,count",
    calc_rules={avg_ms='[ms]/[count]'},
    group_by="inst_id,sid,class#,name &ver",
    order_by="-ms"
}